Microsoft Windows [Version 10.0.19045.3570]
(c) Корпорация Майкрософт (Microsoft Corporation). Все права защищены.

C:\Users\black>cd C:\bikinibottom

C:\bikinibottom>git
usage: git [-v | --version] [-h | --help] [-C <path>] [-c <name>=<value>]
           [--exec-path[=<path>]] [--html-path] [--man-path] [--info-path]
           [-p | --paginate | -P | --no-pager] [--no-replace-objects] [--bare]
           [--git-dir=<path>] [--work-tree=<path>] [--namespace=<name>]
           [--super-prefix=<path>] [--config-env=<name>=<envvar>]
           <command> [<args>]

These are common Git commands used in various situations:

start a working area (see also: git help tutorial)
   clone     Clone a repository into a new directory
   init      Create an empty Git repository or reinitialize an existing one

work on the current change (see also: git help everyday)
   add       Add file contents to the index
   mv        Move or rename a file, a directory, or a symlink
   restore   Restore working tree files
   rm        Remove files from the working tree and from the index

examine the history and state (see also: git help revisions)
   bisect    Use binary search to find the commit that introduced a bug
   diff      Show changes between commits, commit and working tree, etc
   grep      Print lines matching a pattern
   log       Show commit logs
   show      Show various types of objects
   status    Show the working tree status

grow, mark and tweak your common history
   branch    List, create, or delete branches
   commit    Record changes to the repository
   merge     Join two or more development histories together
   rebase    Reapply commits on top of another base tip
   reset     Reset current HEAD to the specified state
   switch    Switch branches
   tag       Create, list, delete or verify a tag object signed with GPG

collaborate (see also: git help workflows)
   fetch     Download objects and refs from another repository
   pull      Fetch from and integrate with another repository or a local branch
   push      Update remote refs along with associated objects

'git help -a' and 'git help -g' list available subcommands and some
concept guides. See 'git help <command>' or 'git help <concept>'
to read about a specific subcommand or concept.
See 'git help git' for an overview of the system.

C:\bikinibottom>git branch test_1

C:\bikinibottom>git checkout test_1
Switched to branch 'test_1'
M       bikinibottom/main.cpp

C:\bikinibottom>git add -u

C:\bikinibottom>git commit
Aborting commit due to empty commit message.

C:\bikinibottom>git commit test
error: pathspec 'test' did not match any file(s) known to git

C:\bikinibottom>git commit
Aborting commit due to empty commit message.

C:\bikinibottom>git commit main.cpp
error: pathspec 'main.cpp' did not match any file(s) known to git

C:\bikinibottom>git commit bikinibottom/main.cpp
Aborting commit due to empty commit message.

C:\bikinibottom>git add -u

C:\bikinibottom>git commit
Aborting commit due to empty commit message.

C:\bikinibottom>git add .

C:\bikinibottom>git commit -m "Your commit message here"
[test_1 9fdde7c] Your commit message here
 1 file changed, 1 insertion(+), 1 deletion(-)

C:\bikinibottom>git push
fatal: The current branch test_1 has no upstream branch.
To push the current branch and set the remote as upstream, use

    git push --set-upstream origin test_1

To have this happen automatically for branches without a tracking
upstream, see 'push.autoSetupRemote' in 'git help config'.


C:\bikinibottom>git pull origin test_1   # Fetch and merge changes from the remote
fatal: couldn't find remote ref test_1

C:\bikinibottom>git pull origin test_1
fatal: couldn't find remote ref test_1

C:\bikinibottom>git merge origin/test_1
merge: origin/test_1 - not something we can merge

C:\bikinibottom>
C:\bikinibottom>git status
On branch test_1
nothing to commit, working tree clean

C:\bikinibottom>git branch --set-upstream-to=origin/test_1 test_1
fatal: the requested upstream branch 'origin/test_1' does not exist
hint:
hint: If you are planning on basing your work on an upstream
hint: branch that already exists at the remote, you may need to
hint: run "git fetch" to retrieve it.
hint:
hint: If you are planning to push out a new local branch that
hint: will track its remote counterpart, you may want to use
hint: "git push -u" to set the upstream config as you push.
hint: Disable this message with "git config advice.setUpstreamFailure false"

C:\bikinibottom>git fetch

C:\bikinibottom>git pull
There is no tracking information for the current branch.
Please specify which branch you want to merge with.
See git-pull(1) for details.

    git pull <remote> <branch>

If you wish to set tracking information for this branch you can do so with:

    git branch --set-upstream-to=origin/<branch> test_1


C:\bikinibottom>
C:\bikinibottom>git ls-remote --heads origin
c50a1e547d39d9e3cf9e46f512c1a5f642eb3dbb        refs/heads/master

C:\bikinibottom>
C:\bikinibottom>
C:\bikinibottom>
C:\bikinibottom>